exports[`test PlayCardButton renders as before 1`] = `
<div
  className="pile">
  <Connect(Component)
    action={
      Object {
        "type": "PLAY_CARD",
      }
    }
    className="play-card playing-card face-down" />
</div>
`;
