exports[`test PlayablePile renders as before 1`] = `<Unknown />`;
