exports[`test Snap renders as before 1`] = `
<Connect(Component)
  action={
    Object {
      "type": "SNAP",
    }
  }
  className="btn snap"
  res="Snap!" />
`;
