exports[`test PlayablePile renders as before 1`] = `
<div
  className="pile">
  <div
    className="face-down playing-card" />
</div>
`;
