exports[`test component renders as before 1`] = `
<div
  className="not-found-message">
  404 - Page not found
</div>
`;
