exports[`test component renders as before 1`] = `
<div
  className="App" />
`;
