exports[`test component renders as before 1`] = `
<div
  className="App">
  children
  <Connect(Component) />
</div>
`;
