exports[`test component renders as before 1`] = `
<div
  className="App Play">
  <div
    className="deck">
    <Unknown />
  </div>
</div>
`;
