exports[`test component renders as before 1`] = `
<Router
  history={
    Object {
      "createHref": [Function],
      "createKey": [Function],
      "createLocation": [Function],
      "createPath": [Function],
      "getCurrentLocation": [Function],
      "go": [Function],
      "goBack": [Function],
      "goForward": [Function],
      "listen": [Function],
      "listenBefore": [Function],
      "push": [Function],
      "replace": [Function],
      "transitionTo": [Function],
    }
  }
  render={[Function]}>
  <Route
    component={[Function]}
    path="/" />
  <Route
    component={[Function]}
    path="/play" />
  <Route
    component={[Function]}
    path="/table" />
  <Route
    component={[Function]}
    path="/*" />
</Router>
`;
