exports[`test App renders as before 1`] = `<Unknown />`;
