exports[`test DispatchButton renders as before 1`] = `
<button
  className="test class"
  onClick={[Function]}>
  test res
</button>
`;
