exports[`test component renders as before 1`] = `
<Unknown>
  <Connect(Component) />
  <hr />
  <Unknown />
</Unknown>
`;
