exports[`test component renders as before 1`] = `
<div
  className="join-game">
  <input
    onChange={[Function]} />
  <div>
    <Unknown />
    <Unknown />
  </div>
</div>
`;
