exports[`test component renders as before 1`] = `
<div>
  <Connect(Component)
    action={
      Object {
        "type": "REQUEST_NEW_GAME",
      }
    }
    className="new-game"
    res="Start a New Game" />
</div>
`;
